4
4
3
0 0 2.0 0
0 1 6.0 0
0 2 9.0 0
0 3 1.0 1
1 0 6.0 0
1 1 20.0 0
1 2 30.0 0
1 3 4.0 1
2 0 9.0 0
2 1 30.0 0
2 2 45.0 0
2 3 6.0 1
3 0 1.0 1
3 1 4.0 1
3 2 6.0 1
3 3 1.0 1