4
4
3
0 0 2.0 0
0 1 6.0 0
0 2 1.0 1
0 3 9.0 0
1 0 6.0 0
1 1 20.0 0
1 2 4.0 1
1 3 30.0 0
2 0 1.0 1
2 1 4.0 1
2 2 1.0 1
2 3 6.0 1
3 0 9.0 0
3 1 30.0 0
3 2 6.0 1
3 3 45.0 0