3
3
3
0 0 2.0 0
0 1 6.0 0
0 2 9.0 0
1 0 6.0 0
1 1 20.0 0
1 2 30.0 0
2 0 9.0 0
2 1 30.0 0
2 2 45.0 0